[projects.invisionapp.com/share/RNU331O8QXT.html]
[backblue.gif]
[fade.gif]
[index.html]
[static.invisionapp-cdn.com/spa/cfprojects/common/img/favicon-16x16.2648d8282b.png]
[static.invisionapp-cdn.com/spa/cfprojects/common/img/favicon-32x32.94899e98c6.png]
[static.invisionapp-cdn.com/spa/cfprojects/share/lib/vendor.min.513d9d84f8.css]
[static.invisionapp-cdn.com/spa/cfprojects/share/lib/style.min.fba8fdc6b7.css]
[cdn.optimizely.com/js/10316326513.js]
[static.invisionapp-cdn.com/spa/cfprojects/share/lib/vendor.min.4a51cacd15.js]
[projects.invisionapp.com/share/RNU331O8QXT.html]
[static.invisionapp-cdn.com/spa/cfprojects/share/lib/invision.min.ab681dd7a3.js]
[static.invisionapp-cdn.com/spa/cfprojects/share/lib/vendor.min.513d9d84f8.css]
[static.invisionapp-cdn.com/spa/cfprojects/share/img/sprite1-share.7a94439a8b.png]
[static.invisionapp-cdn.com/spa/cfprojects/share/img/close6.885f75c6fe.png]
[static.invisionapp-cdn.com/spa/cfprojects/share/img/toolbar-sprite.71dfa907553ce0.png]
[static.invisionapp-cdn.com/spa/cfprojects/share/img/toolbar-sprite@2x.5aeb1a4e0c3ce0.png]
[static.invisionapp-cdn.com/spa/cfprojects/common/img/mobile-cursor.42edf89381.png]
[static.invisionapp-cdn.com/spa/cfprojects/common/img/mobile-cursor-tap.163e443a90.png]
[static.invisionapp-cdn.com/spa/cfprojects/common/img/mobile-cursor-hover.ce89f65ba3.png]
[static.invisionapp-cdn.com/spa/cfprojects/common/img/comments-sprite.b3f3b0990e164b.png]
[static.invisionapp-cdn.com/spa/cfprojects/common/img/comments-sprite@2x.f46d2dc559164b.png]
[static.invisionapp-cdn.com/spa/cfprojects/common/img/console-sprite.e08cbbc60be530.png]
[static.invisionapp-cdn.com/spa/cfprojects/common/img/console-sprite@2x.99138ec364e530.png]
[static.invisionapp-cdn.com/spa/cfprojects/common/img/base-sprite.c1f346738dea16.png]
[static.invisionapp-cdn.com/spa/cfprojects/common/img/base-sprite@2x.04b473f7bbea16.png]
[static.invisionapp-cdn.com/spa/cfprojects/common/img/mentions-sprite.bbfb6dcd21ea63.png]
[static.invisionapp-cdn.com/spa/cfprojects/common/img/mentions-sprite@2x.37c3b0d150ea63.png]
[static.invisionapp-cdn.com/spa/cfprojects/common/img/emojis-sprite.4189f79e44b696.png]
[static.invisionapp-cdn.com/spa/cfprojects/common/img/emojis-sprite@2x.5723adddc8b696.png]
[static.invisionapp-cdn.com/spa/cfprojects/common/img/project-sprite.9b344b46d66e98.png]
[static.invisionapp-cdn.com/spa/cfprojects/common/img/project-sprite@2x.456761fd396e98.png]
[static.invisionapp-cdn.com/spa/cfprojects/common/img/mobile-skins/iphone4-portrait.3ed84cf21d189c.png]
[static.invisionapp-cdn.com/spa/cfprojects/common/img/mobile-skins/iphone4-portrait-shadow.e7d9b204eb189c.png]
[static.invisionapp-cdn.com/spa/cfprojects/common/img/mobile-skins/iphone4-portrait-white.e83989122d189c.png]
[static.invisionapp-cdn.com/spa/cfprojects/common/img/mobile-skins/iphone4-portrait-bar-light.ec4b14f0a5.png]
[static.invisionapp-cdn.com/spa/cfprojects/common/img/mobile-skins/iphone4-portrait-bar-light@2x.a39e4082af.png]
[static.invisionapp-cdn.com/spa/cfprojects/common/img/mobile-skins/iphone4-portrait-bar-dark.f54ff3578a.png]
[static.invisionapp-cdn.com/spa/cfprojects/common/img/mobile-skins/iphone4-portrait-bar-dark@2x.9f24502b42.png]
[static.invisionapp-cdn.com/spa/cfprojects/common/img/mobile-skins/iphone4-landscape.7168b82dbc189c.png]
[static.invisionapp-cdn.com/spa/cfprojects/common/img/mobile-skins/iphone4-landscape-shadow.1fa0e59358189c.png]
[static.invisionapp-cdn.com/spa/cfprojects/common/img/mobile-skins/iphone4-landscape-white.f683a507ae189c.png]
[static.invisionapp-cdn.com/spa/cfprojects/common/img/mobile-skins/iphone4-landscape-bar-light.3e5047a116.png]
[static.invisionapp-cdn.com/spa/cfprojects/common/img/mobile-skins/iphone4-landscape-bar-light@2x.74b9b9763c.png]
[static.invisionapp-cdn.com/spa/cfprojects/common/img/mobile-skins/iphone4-landscape-bar-dark.ea670f6434.png]
[static.invisionapp-cdn.com/spa/cfprojects/common/img/mobile-skins/iphone4-landscape-bar-dark@2x.2e51f69ca8.png]
[static.invisionapp-cdn.com/spa/cfprojects/common/img/mobile-skins/iphone-portrait.8704b0e431189c.png]
[static.invisionapp-cdn.com/spa/cfprojects/common/img/mobile-skins/iphone-portrait-shadow.11da089e06189c.png]
[static.invisionapp-cdn.com/spa/cfprojects/common/img/mobile-skins/iphone-portrait-white.41c125c724189c.png]
[static.invisionapp-cdn.com/spa/cfprojects/common/img/mobile-skins/iphone-portrait-bar-light.ec4b14f0a5.png]
[static.invisionapp-cdn.com/spa/cfprojects/common/img/mobile-skins/iphone-portrait-bar-light@2x.a39e4082af.png]
[static.invisionapp-cdn.com/spa/cfprojects/common/img/mobile-skins/iphone-portrait-bar-dark.f54ff3578a.png]
[static.invisionapp-cdn.com/spa/cfprojects/common/img/mobile-skins/iphone-portrait-bar-dark@2x.9f24502b42.png]
[static.invisionapp-cdn.com/spa/cfprojects/common/img/mobile-skins/iphone-landscape.0e493cc55d189c.png]
[static.invisionapp-cdn.com/spa/cfprojects/common/img/mobile-skins/iphone-landscape-shadow.28d34822c3189c.png]
[static.invisionapp-cdn.com/spa/cfprojects/common/img/mobile-skins/iphone-landscape-white.fe325a9420189c.png]
[static.invisionapp-cdn.com/spa/cfprojects/common/img/mobile-skins/iphone-landscape-bar-light.7dc7daef15.png]
[static.invisionapp-cdn.com/spa/cfprojects/common/img/mobile-skins/iphone-landscape-bar-light@2x.b429f6fd9f.png]
[static.invisionapp-cdn.com/spa/cfprojects/common/img/mobile-skins/iphone-landscape-bar-dark.e509f457e9.png]
[static.invisionapp-cdn.com/spa/cfprojects/common/img/mobile-skins/iphone-landscape-bar-dark@2x.4b8c93140c.png]
[static.invisionapp-cdn.com/spa/cfprojects/common/img/mobile-skins/iphone6-portrait.f2d3bd1e37189c.png]
[static.invisionapp-cdn.com/spa/cfprojects/common/img/mobile-skins/iphone6-portrait-shadow.7ba7a0ca89189c.png]
[static.invisionapp-cdn.com/spa/cfprojects/common/img/mobile-skins/iphone6-portrait-white.19be0343a2189c.png]
[static.invisionapp-cdn.com/spa/cfprojects/common/img/mobile-skins/iphone6-portrait-bar-light.70bcfeb4d8.png]
[static.invisionapp-cdn.com/spa/cfprojects/common/img/mobile-skins/iphone6-portrait-bar-light@2x.02475fdc1c.png]
[static.invisionapp-cdn.com/spa/cfprojects/common/img/mobile-skins/iphone6-portrait-bar-dark.68ec4c2c49.png]
[static.invisionapp-cdn.com/spa/cfprojects/common/img/mobile-skins/iphone6-portrait-bar-dark@2x.2dcdcd8cac.png]
[static.invisionapp-cdn.com/spa/cfprojects/common/img/mobile-skins/iphone6-landscape.fcd1a81f01189c.png]
[static.invisionapp-cdn.com/spa/cfprojects/common/img/mobile-skins/iphone6-landscape-shadow.54d773efcc189c.png]
[static.invisionapp-cdn.com/spa/cfprojects/common/img/mobile-skins/iphone6-landscape-white.5d1a6d032d189c.png]
[static.invisionapp-cdn.com/spa/cfprojects/common/img/mobile-skins/iphone6-landscape-bar-light.a0d640b81a.png]
[static.invisionapp-cdn.com/spa/cfprojects/common/img/mobile-skins/iphone6-landscape-bar-light@2x.eaec98c024.png]
[static.invisionapp-cdn.com/spa/cfprojects/common/img/mobile-skins/iphone6-landscape-bar-dark.b59335f3bd.png]
[static.invisionapp-cdn.com/spa/cfprojects/common/img/mobile-skins/iphone6-landscape-bar-dark@2x.293e41894c.png]
[static.invisionapp-cdn.com/spa/cfprojects/common/img/mobile-skins/iphone6plus-portrait.b790bc6786189c.png]
[static.invisionapp-cdn.com/spa/cfprojects/common/img/mobile-skins/iphone6plus-portrait-shadow.696adea4ec189c.png]
[static.invisionapp-cdn.com/spa/cfprojects/common/img/mobile-skins/iphone6plus-portrait-white.1da784286f189c.png]
[static.invisionapp-cdn.com/spa/cfprojects/common/img/mobile-skins/iphone6plus-portrait-bar-light.9cd96c5553.png]
[static.invisionapp-cdn.com/spa/cfprojects/common/img/mobile-skins/iphone6plus-portrait-bar-light@2x.08981f3836.png]
[static.invisionapp-cdn.com/spa/cfprojects/common/img/mobile-skins/iphone6plus-portrait-bar-dark.b61c4b20cb.png]
[static.invisionapp-cdn.com/spa/cfprojects/common/img/mobile-skins/iphone6plus-portrait-bar-dark@2x.3faa77dba9.png]
[static.invisionapp-cdn.com/spa/cfprojects/common/img/mobile-skins/iphone6plus-landscape.48caf5f22a189c.png]
[static.invisionapp-cdn.com/spa/cfprojects/common/img/mobile-skins/iphone6plus-landscape-shadow.13a3cffe2b189c.png]
[static.invisionapp-cdn.com/spa/cfprojects/common/img/mobile-skins/iphone6plus-landscape-white.7abe1b8e21189c.png]
[static.invisionapp-cdn.com/spa/cfprojects/common/img/mobile-skins/iphone6plus-landscape-bar-light.ae0de5ea86.png]
[static.invisionapp-cdn.com/spa/cfprojects/common/img/mobile-skins/iphone6plus-landscape-bar-light@2x.e4f3d18381.png]
[static.invisionapp-cdn.com/spa/cfprojects/common/img/mobile-skins/iphone6plus-landscape-bar-dark.dd33606768.png]
[static.invisionapp-cdn.com/spa/cfprojects/common/img/mobile-skins/iphone6plus-landscape-bar-dark@2x.d6d1f8235c.png]
[static.invisionapp-cdn.com/spa/cfprojects/common/img/mobile-skins/iphoneX-portrait.c7bd0823b67f42.png]
[static.invisionapp-cdn.com/spa/cfprojects/common/img/mobile-skins/iphoneX-portrait-shadow.7ba7a0ca897f42.png]
[static.invisionapp-cdn.com/spa/cfprojects/common/img/mobile-skins/iphoneX-portrait-bar-light.84f9fb97f5.png]
[static.invisionapp-cdn.com/spa/cfprojects/common/img/mobile-skins/iphoneX-portrait-bar-light@2x.217ba3548a.png]
[static.invisionapp-cdn.com/spa/cfprojects/common/img/mobile-skins/iphoneX-portrait-bar-dark.809267bd13.png]
[static.invisionapp-cdn.com/spa/cfprojects/common/img/mobile-skins/iphoneX-portrait-bar-dark@2x.e12f090c39.png]
[static.invisionapp-cdn.com/spa/cfprojects/common/img/mobile-skins/iphoneX-landscape.a5b280dd697f42.png]
[static.invisionapp-cdn.com/spa/cfprojects/common/img/mobile-skins/iphoneX-landscape-shadow.54d773efcc7f42.png]
[static.invisionapp-cdn.com/spa/cfprojects/common/img/mobile-skins/iphoneX-landscape-bar-light.6b1aad50ec.png]
[static.invisionapp-cdn.com/spa/cfprojects/common/img/mobile-skins/iphoneX-landscape-bar-light@2x.1923f9c22d.png]
[static.invisionapp-cdn.com/spa/cfprojects/common/img/mobile-skins/iphoneX-landscape-bar-dark.2921f0c4bd.png]
[static.invisionapp-cdn.com/spa/cfprojects/common/img/mobile-skins/iphoneX-landscape-bar-dark@2x.373f8a11db.png]
[static.invisionapp-cdn.com/spa/cfprojects/common/img/mobile-skins/iphoneX-portrait-notch.b34b446f40.png]
[static.invisionapp-cdn.com/spa/cfprojects/common/img/mobile-skins/iphoneX-landscape-notch.bd8b9453e1.png]
[static.invisionapp-cdn.com/spa/cfprojects/common/img/mobile-skins/ipad-portrait.ffba4c013d189c.png]
[static.invisionapp-cdn.com/spa/cfprojects/common/img/mobile-skins/ipad-portrait-shadow.07c03ae294189c.png]
[static.invisionapp-cdn.com/spa/cfprojects/common/img/mobile-skins/ipad-portrait-white.c70dc3b5b5189c.png]
[static.invisionapp-cdn.com/spa/cfprojects/common/img/mobile-skins/ipad-portrait-bar-light.2bddb8cc45.png]
[static.invisionapp-cdn.com/spa/cfprojects/common/img/mobile-skins/ipad-portrait-bar-light@2x.7671b45cba.png]
[static.invisionapp-cdn.com/spa/cfprojects/common/img/mobile-skins/ipad-portrait-bar-dark.18814f5960.png]
[static.invisionapp-cdn.com/spa/cfprojects/common/img/mobile-skins/ipad-portrait-bar-dark@2x.223fedeee0.png]
[static.invisionapp-cdn.com/spa/cfprojects/common/img/mobile-skins/ipad-landscape.5b16d12e94189c.png]
[static.invisionapp-cdn.com/spa/cfprojects/common/img/mobile-skins/ipad-landscape-shadow.f03abb609e189c.png]
[static.invisionapp-cdn.com/spa/cfprojects/common/img/mobile-skins/ipad-landscape-white.5ff1eb1dba189c.png]
[static.invisionapp-cdn.com/spa/cfprojects/common/img/mobile-skins/ipad-landscape-bar-light.8546b1449b.png]
[static.invisionapp-cdn.com/spa/cfprojects/common/img/mobile-skins/ipad-landscape-bar-light@2x.794c194764.png]
[static.invisionapp-cdn.com/spa/cfprojects/common/img/mobile-skins/ipad-landscape-bar-dark.5bc4f77b32.png]
[static.invisionapp-cdn.com/spa/cfprojects/common/img/mobile-skins/ipad-landscape-bar-dark@2x.b9c69d3d09.png]
[static.invisionapp-cdn.com/spa/cfprojects/common/img/mobile-skins/htcOne-portrait.91d6a831f8189c.png]
[static.invisionapp-cdn.com/spa/cfprojects/common/img/mobile-skins/htcOne-portrait-shadow.2686bea0d1189c.png]
[static.invisionapp-cdn.com/spa/cfprojects/common/img/mobile-skins/htcOne-portrait-white.bbdba2ba38189c.png]
[static.invisionapp-cdn.com/spa/cfprojects/common/img/mobile-skins/htcOne-portrait-bar-light.e76b46eed1.png]
[static.invisionapp-cdn.com/spa/cfprojects/common/img/mobile-skins/htcOne-portrait-bar-light@2x.97bb9fcfc7.png]
[static.invisionapp-cdn.com/spa/cfprojects/common/img/mobile-skins/htcOne-landscape.9693165ea9189c.png]
[static.invisionapp-cdn.com/spa/cfprojects/common/img/mobile-skins/htcOne-landscape-shadow.b60188b298189c.png]
[static.invisionapp-cdn.com/spa/cfprojects/common/img/mobile-skins/htcOne-landscape-white.0c214e7c07189c.png]
[static.invisionapp-cdn.com/spa/cfprojects/common/img/mobile-skins/htcOne-landscape-bar-light.3028502bec.png]
[static.invisionapp-cdn.com/spa/cfprojects/common/img/mobile-skins/htcOne-landscape-bar-light@2x.2bfa3beafc.png]
[static.invisionapp-cdn.com/spa/cfprojects/common/img/mobile-skins/samsungS4-portrait.e465565bff189c.png]
[static.invisionapp-cdn.com/spa/cfprojects/common/img/mobile-skins/samsungS4-portrait-shadow.702b308b67189c.png]
[static.invisionapp-cdn.com/spa/cfprojects/common/img/mobile-skins/samsungS4-portrait-white.a601f7d0f3189c.png]
[static.invisionapp-cdn.com/spa/cfprojects/common/img/mobile-skins/samsungS4-portrait-bar-light.e76b46eed1.png]
[static.invisionapp-cdn.com/spa/cfprojects/common/img/mobile-skins/samsungS4-portrait-bar-light@2x.97bb9fcfc7.png]
[static.invisionapp-cdn.com/spa/cfprojects/common/img/mobile-skins/samsungS4-landscape.81e847e945189c.png]
[static.invisionapp-cdn.com/spa/cfprojects/common/img/mobile-skins/samsungS4-landscape-shadow.6344edf854189c.png]
[static.invisionapp-cdn.com/spa/cfprojects/common/img/mobile-skins/samsungS4-landscape-white.160aa37ee7189c.png]
[static.invisionapp-cdn.com/spa/cfprojects/common/img/mobile-skins/samsungS4-landscape-bar-light.3028502bec.png]
[static.invisionapp-cdn.com/spa/cfprojects/common/img/mobile-skins/samsungS4-landscape-bar-light@2x.2bfa3beafc.png]
[static.invisionapp-cdn.com/spa/cfprojects/common/img/mobile-skins/nexus7-portrait.a085ba4e28189c.png]
[static.invisionapp-cdn.com/spa/cfprojects/common/img/mobile-skins/nexus7-portrait-shadow.3ea2924d79189c.png]
[static.invisionapp-cdn.com/spa/cfprojects/common/img/mobile-skins/nexus7-portrait-bar-light.d45ba46bd9.png]
[static.invisionapp-cdn.com/spa/cfprojects/common/img/mobile-skins/nexus7-portrait-bar-light@2x.f9a3ed3cc6.png]
[static.invisionapp-cdn.com/spa/cfprojects/common/img/mobile-skins/nexus7-landscape.fcd4c088ef189c.png]
[static.invisionapp-cdn.com/spa/cfprojects/common/img/mobile-skins/nexus7-landscape-shadow.a299ab41ce189c.png]
[static.invisionapp-cdn.com/spa/cfprojects/common/img/mobile-skins/nexus7-landscape-bar-light.d081e22b05.png]
[static.invisionapp-cdn.com/spa/cfprojects/common/img/mobile-skins/nexus7-landscape-bar-light@2x.57d168c0d2.png]
[static.invisionapp-cdn.com/spa/cfprojects/common/img/mobile-skins/nexus10-portrait.e6e3e74cfe189c.png]
[static.invisionapp-cdn.com/spa/cfprojects/common/img/mobile-skins/nexus10-portrait-shadow.069455fe87189c.png]
[static.invisionapp-cdn.com/spa/cfprojects/common/img/mobile-skins/nexus10-portrait-bar-light.db0e5783ae.png]
[static.invisionapp-cdn.com/spa/cfprojects/common/img/mobile-skins/nexus10-portrait-bar-light@2x.5b81d58960.png]
[static.invisionapp-cdn.com/spa/cfprojects/common/img/mobile-skins/nexus10-landscape.56e4b34a9d189c.png]
[static.invisionapp-cdn.com/spa/cfprojects/common/img/mobile-skins/nexus10-landscape-shadow.3be6981f97189c.png]
[static.invisionapp-cdn.com/spa/cfprojects/common/img/mobile-skins/nexus10-landscape-bar-light.5d30040fc6.png]
[static.invisionapp-cdn.com/spa/cfprojects/common/img/mobile-skins/nexus10-landscape-bar-light@2x.2ce1760668.png]
[static.invisionapp-cdn.com/spa/cfprojects/common/img/mobile-skins/apple-watch-38mm-roseGold.221a5a017761d7.png]
[static.invisionapp-cdn.com/spa/cfprojects/common/img/mobile-skins/apple-watch-38mm-silverAluminum.ccc0b13bb761d7.png]
[static.invisionapp-cdn.com/spa/cfprojects/common/img/mobile-skins/apple-watch-38mm-spaceBlackStainlessSteel.75fc3ffa0f61d7.png]
[static.invisionapp-cdn.com/spa/cfprojects/common/img/mobile-skins/apple-watch-38mm-spaceGrayAluminum.5de6eac10b61d7.png]
[static.invisionapp-cdn.com/spa/cfprojects/common/img/mobile-skins/apple-watch-38mm-stainlessSteel.423f9c209c61d7.png]
[static.invisionapp-cdn.com/spa/cfprojects/common/img/mobile-skins/apple-watch-38mm-yellowGold.60ac00e04c61d7.png]
[static.invisionapp-cdn.com/spa/cfprojects/common/img/mobile-skins/apple-watch-42mm-roseGold.a03fd2918161d7.png]
[static.invisionapp-cdn.com/spa/cfprojects/common/img/mobile-skins/apple-watch-42mm-silverAluminum.096a1bbd6761d7.png]
[static.invisionapp-cdn.com/spa/cfprojects/common/img/mobile-skins/apple-watch-42mm-spaceBlackStainlessSteel.01e252b4c561d7.png]
[static.invisionapp-cdn.com/spa/cfprojects/common/img/mobile-skins/apple-watch-42mm-spaceGrayAluminum.ca07864a5c61d7.png]
[static.invisionapp-cdn.com/spa/cfprojects/common/img/mobile-skins/apple-watch-42mm-stainlessSteel.d813c6149361d7.png]
[static.invisionapp-cdn.com/spa/cfprojects/common/img/mobile-skins/apple-watch-42mm-yellowGold.91ad50c91d61d7.png]
[static.invisionapp-cdn.com/spa/cfprojects/common/img/mobile-skins/android-square-dark.7db84985a361d7.png]
[static.invisionapp-cdn.com/spa/cfprojects/common/img/mobile-skins/android-square-light.4d32d832ac61d7.png]
[static.invisionapp-cdn.com/spa/cfprojects/common/img/mobile-skins/android-round-dark.ad34f35d6461d7.png]
[static.invisionapp-cdn.com/spa/cfprojects/common/img/mobile-skins/android-round-light.de47c4b77c61d7.png]
[static.invisionapp-cdn.com/spa/cfprojects/common/img/share-modal-sprites-common.b1867117f8ffc5.png]
[static.invisionapp-cdn.com/spa/cfprojects/common/img/share-modal-sprites-common@2x.9d0d353e4effc5.png]
[static.invisionapp-cdn.com/spa/cfprojects/common/img/preview-arrow-prev.2da85b2cec.png]
[static.invisionapp-cdn.com/spa/cfprojects/common/img/preview-arrow-next.68d0edcddc.png]
[static.invisionapp-cdn.com/spa/cfprojects/common/img/nav-sprite.9a2001f39e34d4.png]
[static.invisionapp-cdn.com/spa/cfprojects/common/img/nav-sprite@2x.5190d31d4934d4.png]
[static.invisionapp-cdn.com/spa/cfprojects/share/img/flags16-share.29b3477605.png]
[static.invisionapp-cdn.com/spa/cfprojects/share/img/transparent-img.53314f48ec.png]
[static.invisionapp-cdn.com/spa/cfprojects/share/img/sprite1-share.7a94439a8b1893.png]
[static.invisionapp-cdn.com/spa/cfprojects/share/img/modal-share-sprite.ec8756f409c7fd.png]
[static.invisionapp-cdn.com/spa/cfprojects/share/img/modal-share-sprite@2x.3f61d52de0c7fd.png]
[static.invisionapp-cdn.com/spa/cfprojects/share/img/close5.355d4964dd.png]
[static.invisionapp-cdn.com/spa/cfprojects/share/img/browse-pillnav.4a4eaa7d89.png]
[static.invisionapp-cdn.com/spa/cfprojects/share/img/browse-pillnav-icons.251d20e4f4.png]
[static.invisionapp-cdn.com/spa/cfprojects/share/img/screens-search.a2340b1771.png]
[static.invisionapp-cdn.com/spa/cfprojects/share/img/close3.eaa77418f2.png]
[static.invisionapp-cdn.com/spa/cfprojects/share/img/grey-screen-divider.c3a5412b56.png]
[static.invisionapp-cdn.com/spa/cfprojects/share/img/comments-vrule.ee4d005655.png]
[static.invisionapp-cdn.com/spa/cfprojects/share/img/comments-context-tab.b74ce9030b.png]
[static.invisionapp-cdn.com/spa/cfprojects/common/img/console-comment-line.fdd00c86a3.gif]
[static.invisionapp-cdn.com/spa/cfprojects/share/img/share-loading-sprites.3d42b5af432711.png]
[static.invisionapp-cdn.com/spa/cfprojects/share/img/share-loading-sprites@2x.5cf944f1672711.png]
[static.invisionapp-cdn.com/spa/cfprojects/share/img/loader-sprite.e52a8d24eb2711.png]
[static.invisionapp-cdn.com/spa/cfprojects/common/img/logos-sprite.16e28d532cee63.png]
[static.invisionapp-cdn.com/spa/cfprojects/common/img/logos-sprite@2x.83d6821652ee63.png]
[static.invisionapp-cdn.com/spa/cfprojects/share/img/mobile-logo-icon.f1bbc8c7a3.png]
[static.invisionapp-cdn.com/spa/cfprojects/share/img/mobile-logo-icon@2x.bea2fdc358.png]
[static.invisionapp-cdn.com/spa/cfprojects/common/img/screen-viewer-sprite.cfe8bcdb7995b1.png]
[static.invisionapp-cdn.com/spa/cfprojects/common/img/screen-viewer-sprite@2x.f7e3d454dd95b1.png]
[static.invisionapp-cdn.com/spa/cfprojects/share/img/close5-white-V2.d63f9280ff.png]
[static.invisionapp-cdn.com/spa/cfprojects/share/img/close5-V2.55cdf5b4d7.png]
[static.invisionapp-cdn.com/spa/cfprojects/share/img/share-lite-sprites.d1d09327c1.png]
[static.invisionapp-cdn.com/spa/cfprojects/share/img/share-lite-sprites@2x.4c3a23ebe4.png]
[static.invisionapp-cdn.com/spa/cfprojects/common/img/sketch-viewer-close.9cd42a613138e3.png]
[static.invisionapp-cdn.com/spa/cfprojects/share/lib/style.min.fba8fdc6b7.css]
[static.invisionapp-cdn.com/spa/cfprojects/share/img/sprite1.502023569c3b74.png]
[static.invisionapp-cdn.com/spa/cfprojects/share/img/glyphicons-halflings.e162622765.png]
[static.invisionapp-cdn.com/spa/cfprojects/share/img/glyphicons-halflings-white.9bbc6e9602.png]
[static.invisionapp-cdn.com/spa/cfprojects/share/img/navbar-background.png]
[static.invisionapp-cdn.com/spa/cfprojects/share/img/flags16.eb1797de3b.png]
[static.invisionapp-cdn.com/spa/cfprojects/share/img/add-project-icon.dde0040003.png]
[static.invisionapp-cdn.com/spa/cfprojects/share/img/take-photo-icon.0e84f29696.png]
[static.invisionapp-cdn.com/spa/cfprojects/share/img/share-icon.34cc7ce8a1.png]
[static.invisionapp-cdn.com/spa/cfprojects/share/img/upload-screen-icon.cbaa09734a.png]
[static.invisionapp-cdn.com/spa/cfprojects/share/img/backtoscreens-icon.1c316925f4.png]
[static.invisionapp-cdn.com/spa/cfprojects/share/img/view-icon.ab31e09ec8.png]
[static.invisionapp-cdn.com/spa/cfprojects/share/img/team_icon.e11ed5523a.png]
[static.invisionapp-cdn.com/spa/cfprojects/share/img/share.d64936d460.png]
[static.invisionapp-cdn.com/spa/cfprojects/share/img/settings-icon.be0461afbc.png]
[static.invisionapp-cdn.com/spa/cfprojects/share/img/btn-ltgray.f994ddf923.png]
[static.invisionapp-cdn.com/spa/cfprojects/share/img/archive-icon.3a8777b47d.png]
[static.invisionapp-cdn.com/spa/cfprojects/share/img/btn-backtoscreens.acc3e57d41.png]
[static.invisionapp-cdn.com/spa/cfprojects/share/img/btn-apply-templates.bc8ccf1d06.png]
[static.invisionapp-cdn.com/spa/cfprojects/share/img/browser-compatibility-close.adcbf80b32.png]
[static.invisionapp-cdn.com/spa/cfprojects/share/img/browser-compatibility-alert.d7eafe14b7.png]
[static.invisionapp-cdn.com/spa/cfprojects/share/img/mobile.0c1b5f0336.png]
[static.invisionapp-cdn.com/spa/cfprojects/share/img/check.0c832ebce5.png]
[static.invisionapp-cdn.com/spa/cfprojects/share/img/check-sm.9cb153d7a0.png]
[static.invisionapp-cdn.com/spa/cfprojects/common/img/mobile-skins/iphoneX-portrait-white7f42.png]
[static.invisionapp-cdn.com/spa/cfprojects/common/img/mobile-skins/iphoneX-landscape-white7f42.png]
[static.invisionapp-cdn.com/spa/cfprojects/common/img/mobile-skins/htcOne-portrait-bar-dark.png]
[static.invisionapp-cdn.com/spa/cfprojects/common/img/mobile-skins/htcOne-portrait-bar-dark@2x.png]
[static.invisionapp-cdn.com/spa/cfprojects/common/img/mobile-skins/htcOne-landscape-bar-dark.png]
[static.invisionapp-cdn.com/spa/cfprojects/common/img/mobile-skins/htcOne-landscape-bar-dark@2x.png]
[static.invisionapp-cdn.com/spa/cfprojects/common/img/mobile-skins/samsungS4-portrait-bar-dark.png]
[static.invisionapp-cdn.com/spa/cfprojects/common/img/mobile-skins/samsungS4-portrait-bar-dark@2x.png]
[static.invisionapp-cdn.com/spa/cfprojects/common/img/mobile-skins/samsungS4-landscape-bar-dark.png]
[static.invisionapp-cdn.com/spa/cfprojects/common/img/mobile-skins/samsungS4-landscape-bar-dark@2x.png]
[static.invisionapp-cdn.com/spa/cfprojects/common/img/mobile-skins/nexus7-portrait-white189c.png]
[static.invisionapp-cdn.com/spa/cfprojects/common/img/mobile-skins/nexus7-portrait-bar-dark.png]
[static.invisionapp-cdn.com/spa/cfprojects/common/img/mobile-skins/nexus7-portrait-bar-dark@2x.png]
[static.invisionapp-cdn.com/spa/cfprojects/common/img/mobile-skins/nexus7-landscape-white189c.png]
[static.invisionapp-cdn.com/spa/cfprojects/common/img/mobile-skins/nexus7-landscape-bar-dark.png]
[static.invisionapp-cdn.com/spa/cfprojects/common/img/mobile-skins/nexus7-landscape-bar-dark@2x.png]
[static.invisionapp-cdn.com/spa/cfprojects/common/img/mobile-skins/nexus10-portrait-white189c.png]
[static.invisionapp-cdn.com/spa/cfprojects/common/img/mobile-skins/nexus10-portrait-bar-dark.png]
[static.invisionapp-cdn.com/spa/cfprojects/common/img/mobile-skins/nexus10-portrait-bar-dark@2x.png]
[static.invisionapp-cdn.com/spa/cfprojects/common/img/mobile-skins/nexus10-landscape-white189c.png]
[static.invisionapp-cdn.com/spa/cfprojects/common/img/mobile-skins/nexus10-landscape-bar-dark.png]
[static.invisionapp-cdn.com/spa/cfprojects/common/img/mobile-skins/nexus10-landscape-bar-dark@2x.png]
[static.invisionapp-cdn.com/spa/cfprojects/share/img/app-switch.004bef566e5e1f.png]
[static.invisionapp-cdn.com/spa/cfprojects/share/img/scrollbar-mid.3d759fc98c.png]
[static.invisionapp-cdn.com/spa/cfprojects/share/img/check-large.png]
[static.invisionapp-cdn.com/spa/cfprojects/share/img/loader.gif]
[static.invisionapp-cdn.com/spa/cfprojects/common/img/project-sprites.a7877ec7c00e58.png]
[static.invisionapp-cdn.com/spa/cfprojects/common/img/project-sprites@2x.6a916d24390e58.png]
[static.invisionapp-cdn.com/spa/cfprojects/share/img/btn-overlay.png]
[static.invisionapp-cdn.com/spa/cfprojects/share/img/console-top-bar-drop.3f76abf614.png]
[static.invisionapp-cdn.com/spa/cfprojects/share/img/sketch_tools.170d3bdcf35e1f.png]
